Python 3.2.2 (default, Sep  4 2011, 09:51:08) [MSC v.1500 32 bit (Intel)] on win32
Type "copyright", "credits" or "license()" for more information.
#Створити змінну msg присвоїти їй значення стрічки, яка відповідає імені та прізвищу студента
>>> msg = "Burdyko Anastasiia"
>>> msg
'Burdyko Anastasiia'
#Використовуючи зрізи та операцію поєднання змінити стрічку msg до вигляду ім’я , по батькові, прізвище студента.
>>> msg = "Burdyko Anastasiia" + " Yuriivna"
>>> msg
'Burdyko Anastasiia Yuriivna'
#Спробуйте згенерувати IndexError доступаючись до символів стрічки з індексами менше 0.
>>> len(msg)
27
>>> msg[28]
Traceback (most recent call last):
  File "<pyshell#5>", line 1, in <module>
    msg[28]
IndexError: string index out of range
#Представити прізвище, ім’я та по батькові як список стрічок. Здійснити різноманітні операції індексування, сортування та зрізів. Реалізуйте операцію доступу до окремих елементів списку та операцій з ними.
>>> msg.split()
['Burdyko', 'Anastasiia', 'Yuriivna']
>>> list2=msg.split()
>>> list2
['Burdyko', 'Anastasiia', 'Yuriivna']
>>> list2[1]
'Anastasiia'
>>> list2[0:1]
['Burdyko']
>>> list2[0:2]
['Burdyko', 'Anastasiia']
>>> list2.sort()
>>> list2
['Anastasiia', 'Burdyko', 'Yuriivna']
>>> list2.reverse()
>>> list2
['Yuriivna', 'Burdyko', 'Anastasiia']
>>> list2.reverse()
>>> list2
['Anastasiia', 'Burdyko', 'Yuriivna']
>>> list2.index('Burdyko')
1
#Напишіть for цикл, який виведе на екран символи стрічки msg по одному на рядок.
>>> for word in list2:
	print(word)

	
Anastasiia
Burdyko
Yuriivna
#Напишіть програму перетворення списку стрічок в одну стрічку.
>>> str = ' '
>>> for word in list2:
	str+=' ' + word

	
>>> str
'  Anastasiia Burdyko Yuriivna'
>>> 
